// Jest Snapshot v1, https://goo.gl/fbAQLP

exports[`<T /> should render and match the snapshot 1`] = `
.emotion-0 {
  margin: 0;
  font-family: "Roboto","Helvetica","Arial",sans-serif;
  font-weight: 400;
  font-size: 1rem;
  line-height: 1.5;
  letter-spacing: 0.00938em;
}

<body>
  <div>
    <p
      class="MuiTypography-root MuiTypography-body1 emotion-0"
      data-testid="t"
    >
      Hello World
    </p>
  </div>
</body>
`;
