// Jest Snapshot v1, https://goo.gl/fbAQLP

exports[`<T /> should render and match the snapshot 1`] = `
.emotion-0.emotion-0 {
  font-size: 1rem;
  font-weight: normal;
}

<body>
  <div>
    <p
      class="emotion-0 emotion-1"
      data-testid="t"
    />
  </div>
</body>
`;
