// Jest Snapshot v1, https://goo.gl/fbAQLP

exports[`<RepoList /> should render and match the snapshot 1`] = `
@keyframes animation-0 {
  0% {
    opacity: 1;
  }

  50% {
    opacity: 0.4;
  }

  100% {
    opacity: 1;
  }
}

.emotion-0 {
  background-color: #fff;
  color: rgba(0, 0, 0, 0.87);
  -webkit-transition: box-shadow 300ms cubic-bezier(0.4, 0, 0.2, 1) 0ms;
  transition: box-shadow 300ms cubic-bezier(0.4, 0, 0.2, 1) 0ms;
  border-radius: 4px;
  border: 1px solid rgba(0, 0, 0, 0.12);
  overflow: hidden;
}

.emotion-0.emotion-0 {
  margin: 20px 0;
  padding: 1rem;
  max-width: px;
}

.emotion-1 {
  display: block;
  background-color: rgba(0, 0, 0, 0.11);
  height: auto;
  margin-top: 0;
  margin-bottom: 0;
  transform-origin: 0 55%;
  -webkit-transform: scale(1, 0.60);
  -moz-transform: scale(1, 0.60);
  -ms-transform: scale(1, 0.60);
  transform: scale(1, 0.60);
  border-radius: 4px/6.7px;
  -webkit-animation: animation-0 2s ease-in-out 0.5s infinite;
  animation: animation-0 2s ease-in-out 0.5s infinite;
}

.emotion-1:empty:before {
  content: "\\00a0";
}

.emotion-2 {
  margin: 0;
  font-family: "Roboto","Helvetica","Arial",sans-serif;
  font-weight: 400;
  font-size: 1rem;
  line-height: 1.5;
  letter-spacing: 0.00938em;
}

.emotion-3 {
  margin: 0;
  font-family: "Roboto","Helvetica","Arial",sans-serif;
  font-weight: 400;
  font-size: 1rem;
  line-height: 1.5;
  letter-spacing: 0.00938em;
  margin-bottom: 8px;
}

.emotion-4 {
  margin: 0;
  -webkit-flex-shrink: 0;
  -ms-flex-negative: 0;
  flex-shrink: 0;
  border-width: 0;
  border-style: solid;
  border-color: rgba(0, 0, 0, 0.12);
  border-bottom-width: thin;
}

<body>
  <div>
    <div
      class="MuiPaper-root MuiPaper-outlined MuiPaper-rounded MuiCard-root emotion-0"
      data-testid="repo-list"
    >
      <span
        class="MuiSkeleton-root MuiSkeleton-text MuiSkeleton-pulse emotion-1"
      />
      <div>
        <p
          class="MuiTypography-root MuiTypography-body1 emotion-2"
          data-testid="t"
        >
          Search query: Nextjs Bulletproof Template
        </p>
        <p
          class="MuiTypography-root MuiTypography-body1 emotion-3"
          data-testid="t"
        >
          Total number of matching repos: 1
        </p>
        <hr
          class="MuiDivider-root MuiDivider-fullWidth emotion-4"
        />
        <div
          class="MuiPaper-root MuiPaper-outlined MuiPaper-rounded MuiCard-root emotion-0"
        >
          Nextjs Bulletproof
          <p
            class="MuiTypography-root MuiTypography-body1 emotion-2"
            data-testid="t"
          >
            Repository Name: Nextjs Bulletproof
          </p>
          <p
            class="MuiTypography-root MuiTypography-body1 emotion-2"
            data-testid="t"
          >
            Repository full name: Nextjs Bulletproof Template
          </p>
          <p
            class="MuiTypography-root MuiTypography-body1 emotion-2"
            data-testid="t"
          >
            Repository stars: 100
          </p>
        </div>
      </div>
    </div>
  </div>
</body>
`;
