// Jest Snapshot v1, https://goo.gl/fbAQLP

exports[`<Clickable /> component tests should render and match the snapshot 1`] = `
.emotion-0 {
  color: #1890ff;
}

.emotion-0:hover {
  cursor: pointer;
}

<body>
  <div>
    <div
      class="emotion-0"
      data-testid="clickable"
      role="button"
    >
      Repository List
    </div>
  </div>
</body>
`;
